[Incubating] Problems report is available at: file:///C:/Users/baran/OneDrive/Desktop/Islam-main/build/reports/problems/problems-report.html
.\gradlew : 
At line:1 char:1
+ .\gradlew assembleDebug 2>&1 | Out-
File -FilePath "build_output.txt"; ..
.
+ ~~~~~~~~~~~~~~~~~~~~~~~~~~~~
    + CategoryInfo          : NotSpe 
   cified: (:String) [], RemoteExce  
  ption
    + FullyQualifiedErrorId : Native 
   CommandError
 
FAILURE: Build failed with an excepti
on.

* What went wrong:
org.gradle.api.internal.catalog.Gener
atedClassCompilationException: No Jav
a compiler found, please ensure you a
re running Gradle with a JDK
> No Java compiler found, please ensu
re you are running Gradle with a JDK

* Try:
> Run with --stacktrace option to get
 the stack trace.
> Run with --info or --debug option t
o get more log output.
> Run with --scan to get full insight
s.
> Get more help at https://help.gradl
e.org.

Deprecated Gradle features were used in this build, making it incompatible with Gradle 9.0.

You can use '--warning-mode all' to show the individual deprecation warnings and determine if they come from your own scripts or plugins.

For more on this, please refer to https://docs.gradle.org/8.11.1/userguide/command_line_interface.html#sec:command_line_warnings in the Gradle documentation.

BUILD FAILED in 1s
